// Jest Snapshot v1, https://goo.gl/fbAQLP

exports[`<Posts /> Shouls math snapshot 1`] = `
<section
  class="container"
>
  <div
    class="App"
  >
    <div
      class="post"
    >
      <img
        alt="accusamus beatae ad facilis cum similique qui sunt"
        src="https://via.placeholder.com/600/92c952"
      />
      <h3>
        Foto 
        1
      </h3>
      <div
        class="post-content"
      >
        <input
          id="1"
          type="button"
          value="Ver Mais"
        />
        <button
          class="btn-delete-post"
        >
          <svg
            class="icon-delete"
            fill="currentColor"
            height="1em"
            stroke="currentColor"
            stroke-width="0"
            viewBox="0 0 24 24"
            width="1em"
            xmlns="http://www.w3.org/2000/svg"
          >
            <path
              d="M7 4V2H17V4H22V6H20V21C20 21.5523 19.5523 22 19 22H5C4.44772 22 4 21.5523 4 21V6H2V4H7ZM6 6V20H18V6H6ZM9 9H11V17H9V9ZM13 9H15V17H13V9Z"
            />
          </svg>
        </button>
      </div>
    </div>
    <div
      class="post"
    >
      <img
        alt="reprehenderit est deserunt velit ipsam"
        src="https://via.placeholder.com/600/771796"
      />
      <h3>
        Foto 
        2
      </h3>
      <div
        class="post-content"
      >
        <input
          id="2"
          type="button"
          value="Ver Mais"
        />
        <button
          class="btn-delete-post"
        >
          <svg
            class="icon-delete"
            fill="currentColor"
            height="1em"
            stroke="currentColor"
            stroke-width="0"
            viewBox="0 0 24 24"
            width="1em"
            xmlns="http://www.w3.org/2000/svg"
          >
            <path
              d="M7 4V2H17V4H22V6H20V21C20 21.5523 19.5523 22 19 22H5C4.44772 22 4 21.5523 4 21V6H2V4H7ZM6 6V20H18V6H6ZM9 9H11V17H9V9ZM13 9H15V17H13V9Z"
            />
          </svg>
        </button>
      </div>
    </div>
    <div
      class="post"
    >
      <img
        alt="officia porro iure quia iusto qui ipsa ut modi"
        src="https://via.placeholder.com/600/24f355"
      />
      <h3>
        Foto 
        3
      </h3>
      <div
        class="post-content"
      >
        <input
          id="3"
          type="button"
          value="Ver Mais"
        />
        <button
          class="btn-delete-post"
        >
          <svg
            class="icon-delete"
            fill="currentColor"
            height="1em"
            stroke="currentColor"
            stroke-width="0"
            viewBox="0 0 24 24"
            width="1em"
            xmlns="http://www.w3.org/2000/svg"
          >
            <path
              d="M7 4V2H17V4H22V6H20V21C20 21.5523 19.5523 22 19 22H5C4.44772 22 4 21.5523 4 21V6H2V4H7ZM6 6V20H18V6H6ZM9 9H11V17H9V9ZM13 9H15V17H13V9Z"
            />
          </svg>
        </button>
      </div>
    </div>
  </div>
  <div
    class="pagination"
  >
    <div
      class="container-button"
    >
      <div>
        <button
          class="btn-page"
          value="0"
        >
          1
        </button>
      </div>
    </div>
  </div>
</section>
`;
