// Jest Snapshot v1, https://goo.gl/fbAQLP

exports[`<Modal /> Shouls math snapshot 1`] = `
<div
  class="modal"
>
  <div
    class="overlay"
  />
  <div
    class="modal-content"
  >
    <div
      class=""
    >
      <div>
        <img
          alt="accusamus beatae ad facilis cum similique qui sunt"
          class="modal-image"
          src="https://via.placeholder.com/600/92c952"
        />
        <div
          class="post-info"
        >
          <div
            class="container-text"
          >
            <h1
              class="description"
            >
              accusamus beatae ad facilis cum similique qui sunt
            </h1>
            <div
              class="text-modal"
              style="font-size: 20px;"
            >
              <p>
                Foto 
                1
              </p>
              <button
                class="modal-delete"
              >
                <svg
                  class="modal-delete-icon"
                  fill="currentColor"
                  height="1em"
                  stroke="currentColor"
                  stroke-width="0"
                  viewBox="0 0 24 24"
                  width="1em"
                  xmlns="http://www.w3.org/2000/svg"
                >
                  <path
                    d="M7 4V2H17V4H22V6H20V21C20 21.5523 19.5523 22 19 22H5C4.44772 22 4 21.5523 4 21V6H2V4H7ZM6 6V20H18V6H6ZM9 9H11V17H9V9ZM13 9H15V17H13V9Z"
                  />
                </svg>
              </button>
            </div>
          </div>
        </div>
      </div>
    </div>
    <button
      class="close-modal"
    >
      <svg
        fill="currentColor"
        fill-rule="evenodd"
        height="1em"
        stroke="currentColor"
        stroke-width="0"
        viewBox="0 0 1024 1024"
        width="1em"
        xmlns="http://www.w3.org/2000/svg"
      >
        <path
          d="M799.855 166.312c.023.007.043.018.084.059l57.69 57.69c.041.041.052.06.059.084a.118.118 0 0 1 0 .069c-.007.023-.018.042-.059.083L569.926 512l287.703 287.703c.041.04.052.06.059.083a.118.118 0 0 1 0 .07c-.007.022-.018.042-.059.083l-57.69 57.69c-.041.041-.06.052-.084.059a.118.118 0 0 1-.069 0c-.023-.007-.042-.018-.083-.059L512 569.926 224.297 857.629c-.04.041-.06.052-.083.059a.118.118 0 0 1-.07 0c-.022-.007-.042-.018-.083-.059l-57.69-57.69c-.041-.041-.052-.06-.059-.084a.118.118 0 0 1 0-.069c.007-.023.018-.042.059-.083L454.073 512 166.371 224.297c-.041-.04-.052-.06-.059-.083a.118.118 0 0 1 0-.07c.007-.022.018-.042.059-.083l57.69-57.69c.041-.041.06-.052.084-.059a.118.118 0 0 1 .069 0c.023.007.042.018.083.059L512 454.073l287.703-287.702c.04-.041.06-.052.083-.059a.118.118 0 0 1 .07 0Z"
        />
      </svg>
    </button>
  </div>
</div>
`;
