// Jest Snapshot v1, https://goo.gl/fbAQLP

exports[`<ButtonModal /> Shouls math snapshot 1`] = `
<input
  type="button"
  value="Ver Mais"
/>
`;
